// Jest Snapshot v1, https://goo.gl/fbAQLP

exports[`<ChooseMorality /> Should render snapshot of ChooseMorality screen. 1`] = `
.c0 {
  display: -webkit-box;
  display: -webkit-flex;
  display: -ms-flexbox;
  display: flex;
  box-sizing: border-box;
  outline: none;
  max-width: 100%;
  margin: 0px;
  -webkit-align-items: center;
  -webkit-box-align: center;
  -ms-flex-align: center;
  align-items: center;
  min-width: 0;
  min-height: 0;
  -webkit-flex-direction: column;
  -ms-flex-direction: column;
  flex-direction: column;
  width: 100%;
  height: 100%;
  -webkit-box-pack: center;
  -webkit-justify-content: center;
  -ms-flex-pack: center;
  justify-content: center;
  padding: 0px;
}

.c1 {
  display: -webkit-box;
  display: -webkit-flex;
  display: -ms-flexbox;
  display: flex;
  box-sizing: border-box;
  outline: none;
  max-width: 100%;
  margin: 0px;
  -webkit-align-items: center;
  -webkit-box-align: center;
  -ms-flex-align: center;
  align-items: center;
  min-width: 0;
  min-height: 0;
  -webkit-flex-direction: column;
  -ms-flex-direction: column;
  flex-direction: column;
  padding: 0px;
}

.c2 {
  display: -webkit-box;
  display: -webkit-flex;
  display: -ms-flexbox;
  display: flex;
  box-sizing: border-box;
  outline: none;
  max-width: 100%;
  margin: 0px;
  min-width: 0;
  min-height: 0;
  -webkit-flex-direction: row;
  -ms-flex-direction: row;
  flex-direction: row;
  padding: 0px;
}

.c3 {
  display: -webkit-box;
  display: -webkit-flex;
  display: -ms-flexbox;
  display: flex;
  box-sizing: border-box;
  outline: none;
  max-width: 100%;
  margin: 0px;
  min-width: 0;
  min-height: 0;
  -webkit-flex-direction: column;
  -ms-flex-direction: column;
  flex-direction: column;
  padding: 0px;
}

.c5 {
  display: -webkit-box;
  display: -webkit-flex;
  display: -ms-flexbox;
  display: flex;
  box-sizing: border-box;
  outline: none;
  max-width: 100%;
  margin: 0px;
  -webkit-align-items: center;
  -webkit-box-align: center;
  -ms-flex-align: center;
  align-items: center;
  min-width: 0;
  min-height: 0;
  -webkit-flex-direction: row;
  -ms-flex-direction: row;
  flex-direction: row;
  padding: 0px;
}

.c7 {
  display: -webkit-box;
  display: -webkit-flex;
  display: -ms-flexbox;
  display: flex;
  box-sizing: border-box;
  outline: none;
  max-width: 100%;
  margin-right: 12px;
  min-width: 0;
  min-height: 0;
  -webkit-flex-direction: column;
  -ms-flex-direction: column;
  flex-direction: column;
  padding: 0px;
}

.c9 {
  display: -webkit-box;
  display: -webkit-flex;
  display: -ms-flexbox;
  display: flex;
  box-sizing: border-box;
  outline: none;
  max-width: 100%;
  margin: 0px;
  height: 24px;
  width: 24px;
  -webkit-align-items: center;
  -webkit-box-align: center;
  -ms-flex-align: center;
  align-items: center;
  border: solid 2px rgba(0,0,0,0.15);
  min-width: 0;
  min-height: 0;
  -webkit-flex-direction: column;
  -ms-flex-direction: column;
  flex-direction: column;
  -webkit-box-pack: center;
  -webkit-justify-content: center;
  -ms-flex-pack: center;
  justify-content: center;
  padding: 0px;
  border-radius: 100%;
}

.c10 {
  -webkit-flex: 0 0 auto;
  -ms-flex: 0 0 auto;
  flex: 0 0 auto;
  width: 24px;
}

.c4 {
  -webkit-user-select: none;
  -moz-user-select: none;
  -ms-user-select: none;
  user-select: none;
  cursor: pointer;
}

.c4:hover input:not([disabled]) + div,
.c4:hover input:not([disabled]) + span {
  border-color: #000000;
}

.c8 {
  position: absolute;
  opacity: 0;
  top: 0;
  left: 0;
  width: 100%;
  height: 100%;
  margin: 0;
  z-index: 1;
  cursor: pointer;
}

.c6 {
  position: relative;
}

@media only screen and (max-width:768px) {
  .c0 {
    margin: 0px;
  }
}

@media only screen and (max-width:768px) {
  .c0 {
    padding: 0px;
  }
}

@media only screen and (max-width:768px) {
  .c1 {
    margin: 0px;
  }
}

@media only screen and (max-width:768px) {
  .c1 {
    padding: 0px;
  }
}

@media only screen and (max-width:768px) {
  .c2 {
    margin: 0px;
  }
}

@media only screen and (max-width:768px) {
  .c2 {
    padding: 0px;
  }
}

@media only screen and (max-width:768px) {
  .c3 {
    margin: 0px;
  }
}

@media only screen and (max-width:768px) {
  .c3 {
    padding: 0px;
  }
}

@media only screen and (max-width:768px) {
  .c5 {
    margin: 0px;
  }
}

@media only screen and (max-width:768px) {
  .c5 {
    padding: 0px;
  }
}

@media only screen and (max-width:768px) {
  .c7 {
    margin-right: 6px;
  }
}

@media only screen and (max-width:768px) {
  .c7 {
    padding: 0px;
  }
}

@media only screen and (max-width:768px) {
  .c9 {
    margin: 0px;
  }
}

@media only screen and (max-width:768px) {
  .c9 {
    border: solid 2px rgba(0,0,0,0.15);
  }
}

@media only screen and (max-width:768px) {
  .c9 {
    padding: 0px;
  }
}

<div
  className="animated fadeIn slow c0"
>
  <form>
    <div
      className="c1"
    >
      <div
        className="c2"
      >
        <div
          className="c3"
          onMouseEnter={[Function]}
          onMouseLeave={[Function]}
        >
          <label
            className="c4 c5"
            disabled={false}
            onClick={[Function]}
          >
            <div
              className="c6 c7"
            >
              <input
                checked={false}
                className="c8"
                disabled={false}
                name="good"
                onBlur={[Function]}
                onChange={[Function]}
                onFocus={[Function]}
                type="radio"
              />
              <div
                className="c9"
              />
            </div>
            <span>
              Good
            </span>
          </label>
        </div>
        <div
          className="c10"
        />
        <div
          className="c3"
          onMouseEnter={[Function]}
          onMouseLeave={[Function]}
        >
          <label
            className="c4 c5"
            disabled={false}
            onClick={[Function]}
          >
            <div
              className="c6 c7"
            >
              <input
                checked={false}
                className="c8"
                disabled={false}
                name="evil"
                onBlur={[Function]}
                onChange={[Function]}
                onFocus={[Function]}
                type="radio"
              />
              <div
                className="c9"
              />
            </div>
            <span>
              Evil
            </span>
          </label>
        </div>
      </div>
    </div>
  </form>
</div>
`;
